"" 
2026-04-23 03:41:07,120 - __main__ - INFO - ✅ Configuration loaded from config\config.yaml
2026-04-23 03:41:07,120 - __main__ - INFO - 🚀 LM Studio AGI-Core initialized
2026-04-23 03:41:07,120 - __main__ - INFO - 🔧 Initializing core components...
2026-04-23 03:41:07,120 - __main__ - INFO - 🤖 Initializing Orchestrator...
2026-04-23 03:41:07,120 - __main__ - INFO - 📚 Initializing RAG v2...
2026-04-23 03:41:07,120 - __main__ - INFO - 🔌 Loading 6 plugins...
2026-04-23 03:41:07,120 - __main__ - INFO -   ✅ Loaded plugin: gdd_architect
2026-04-23 03:41:07,120 - __main__ - INFO -   ✅ Loaded plugin: vision_bridge
2026-04-23 03:41:07,120 - __main__ - INFO -   ✅ Loaded plugin: internet_agent
2026-04-23 03:41:07,120 - __main__ - INFO -   ✅ Loaded plugin: auto_hotkey
2026-04-23 03:41:07,121 - __main__ - INFO -   ✅ Loaded plugin: social_publisher
2026-04-23 03:41:07,121 - __main__ - INFO -   ✅ Loaded plugin: self_learning
2026-04-23 03:41:07,122 - __main__ - INFO - 📊 Starting monitoring dashboard...
2026-04-23 03:41:07,122 - __main__ - INFO - ✅ All components initialized successfully
2026-04-23 03:41:07,122 - __main__ - INFO - ✅ AGI-Core is ready. Waiting for tasks...
2026-04-23 04:18:33,455 - AGICore - INFO - ✅ Configuration loaded from config\config.yaml
2026-04-23 04:18:33,456 - AGICore - INFO - 🚀 LM Studio AGI-Core initialized
2026-04-23 04:18:33,456 - AGICore - INFO - 🔧 Initializing core components...
2026-04-23 04:18:33,456 - AGICore - INFO - 🤖 Initializing Orchestrator...
2026-04-23 04:18:33,456 - AGICore - INFO - 📚 Initializing RAG v2...
2026-04-23 04:18:33,456 - AGICore - INFO - 🔌 Loading 6 plugins...
2026-04-23 04:18:33,456 - AGICore - INFO -   ✅ Loaded plugin: gdd_architect
2026-04-23 04:18:33,456 - AGICore - INFO -   ✅ Loaded plugin: vision_bridge
2026-04-23 04:18:33,456 - AGICore - INFO -   ✅ Loaded plugin: internet_agent
2026-04-23 04:18:33,456 - AGICore - INFO -   ✅ Loaded plugin: auto_hotkey
2026-04-23 04:18:33,456 - AGICore - INFO -   ✅ Loaded plugin: social_publisher
2026-04-23 04:18:33,456 - AGICore - INFO -   ✅ Loaded plugin: self_learning
2026-04-23 04:18:33,456 - AGICore - INFO - 📊 Starting monitoring dashboard...
2026-04-23 04:18:33,456 - AGICore - INFO - ✅ All components initialized successfully
2026-04-23 04:18:33,456 - AGICore - INFO - ✅ AGI-Core is ready. Waiting for tasks...
2026-04-23 04:21:06,746 - AGICore - INFO - ✅ Configuration loaded from config\config.yaml
2026-04-23 04:21:06,746 - AGICore - INFO - 🚀 LM Studio AGI-Core initialized
2026-04-23 04:21:06,746 - AGICore - INFO - 🔧 Initializing core components...
2026-04-23 04:21:06,747 - AGICore - INFO - 🤖 Initializing Orchestrator...
2026-04-23 04:21:06,747 - AGICore - INFO - 📚 Initializing RAG v2...
2026-04-23 04:21:06,747 - AGICore - INFO - 🔌 Loading 6 plugins...
2026-04-23 04:21:06,747 - AGICore - INFO -   ✅ Loaded plugin: gdd_architect
2026-04-23 04:21:06,747 - AGICore - INFO -   ✅ Loaded plugin: vision_bridge
2026-04-23 04:21:06,747 - AGICore - INFO -   ✅ Loaded plugin: internet_agent
2026-04-23 04:21:06,747 - AGICore - INFO -   ✅ Loaded plugin: auto_hotkey
2026-04-23 04:21:06,747 - AGICore - INFO -   ✅ Loaded plugin: social_publisher
2026-04-23 04:21:06,747 - AGICore - INFO -   ✅ Loaded plugin: self_learning
2026-04-23 04:21:06,747 - AGICore - INFO - 📊 Starting monitoring dashboard...
2026-04-23 04:21:06,747 - AGICore - INFO - ✅ All components initialized successfully
2026-04-23 04:21:06,747 - AGICore - INFO - ✅ AGI-Core is ready. Waiting for tasks...
2026-04-23 04:22:22,208 - AGICore - INFO - ✅ Configuration loaded from config\config.yaml
2026-04-23 04:22:22,208 - AGICore - INFO - 🚀 LM Studio AGI-Core initialized
2026-04-23 04:22:22,208 - AGICore - INFO - 🔧 Initializing core components...
2026-04-23 04:22:22,208 - AGICore - INFO - 🤖 Initializing Orchestrator...
2026-04-23 04:22:22,208 - AGICore - INFO - 📚 Initializing RAG v2...
2026-04-23 04:22:22,208 - AGICore - INFO - 🔌 Loading 6 plugins...
2026-04-23 04:22:22,209 - AGICore - INFO -   ✅ Loaded plugin: gdd_architect
2026-04-23 04:22:22,209 - AGICore - INFO -   ✅ Loaded plugin: vision_bridge
2026-04-23 04:22:22,209 - AGICore - INFO -   ✅ Loaded plugin: internet_agent
2026-04-23 04:22:22,209 - AGICore - INFO -   ✅ Loaded plugin: auto_hotkey
2026-04-23 04:22:22,209 - AGICore - INFO -   ✅ Loaded plugin: social_publisher
2026-04-23 04:22:22,209 - AGICore - INFO -   ✅ Loaded plugin: self_learning
2026-04-23 04:22:22,209 - AGICore - INFO - 📊 Starting monitoring dashboard...
2026-04-23 04:22:22,209 - AGICore - INFO - ✅ All components initialized successfully
2026-04-23 04:22:22,209 - AGICore - INFO - ✅ AGI-Core is ready. Waiting for tasks...
2026-04-23 04:23:30,503 - AGICore - INFO - [32m✅ AGI Core initialized successfully[0m
2026-04-23 04:23:30,503 - AGICore - INFO - 🚀 Starting AGI Services...
2026-04-23 04:23:30,503 - AGICore - INFO - ✅ All services started
2026-04-23 04:30:55,016 - AGICore - INFO - 🔧 Инициализация компонентов ядра...
2026-04-23 04:30:55,395 - AGICore - INFO - 🌐 Visual Router запущен на http://localhost:8080
2026-04-23 04:30:55,478 - AGICore - INFO - [04:30:55] Оптимизация контекста RAG... (Agents: RAG_Indexer, CoderAgent, AnalystAgent)
2026-04-23 04:30:58,491 - AGICore - INFO - [04:30:58] Сканирование трендов для Social Publisher... (Agents: NewsAgent)
2026-04-23 04:31:01,499 - AGICore - INFO - [04:31:01] Оптимизация контекста RAG... (Agents: RAG_Indexer, AnalystAgent, VisionBridge)
2026-04-23 04:31:04,509 - AGICore - INFO - [04:31:04] Сканирование трендов для Social Publisher... (Agents: RAG_Indexer, NewsAgent, VisionBridge)
2026-04-23 04:31:07,512 - AGICore - INFO - [04:31:07] Оптимизация контекста RAG... (Agents: RAG_Indexer, VisionBridge)
2026-04-23 04:31:10,517 - AGICore - INFO - [04:31:10] Сканирование трендов для Social Publisher... (Agents: RAG_Indexer, NewsAgent, VisionBridge)
2026-04-23 04:31:10,517 - AGICore - INFO - ✅ Задача выполнена. Всего: 1
2026-04-23 04:31:13,524 - AGICore - INFO - [04:31:13] Оптимизация контекста RAG... (Agents: AnalystAgent, CoderAgent)
2026-04-23 04:31:16,529 - AGICore - INFO - [04:31:16] Сканирование трендов для Social Publisher... (Agents: NewsAgent, RAG_Indexer, VisionBridge)
2026-04-23 04:31:16,529 - AGICore - INFO - ✅ Задача выполнена. Всего: 2
2026-04-23 04:31:19,535 - AGICore - INFO - [04:31:19] Оптимизация контекста RAG... (Agents: VisionBridge, AnalystAgent)
2026-04-23 04:31:19,535 - AGICore - INFO - ✅ Задача выполнена. Всего: 3
2026-04-23 04:31:22,542 - AGICore - INFO - [04:31:22] Сканирование трендов для Social Publisher... (Agents: VisionBridge)
2026-04-23 04:31:25,549 - AGICore - INFO - [04:31:25] Оптимизация контекста RAG... (Agents: VisionBridge, CoderAgent, NewsAgent)
2026-04-23 04:31:28,565 - AGICore - INFO - [04:31:28] Сканирование трендов для Social Publisher... (Agents: RAG_Indexer, AnalystAgent, CoderAgent)
2026-04-23 04:31:31,578 - AGICore - INFO - [04:31:31] Оптимизация контекста RAG... (Agents: AnalystAgent, CoderAgent, NewsAgent)
2026-04-23 04:31:31,578 - AGICore - INFO - ✅ Задача выполнена. Всего: 4
2026-04-23 04:31:34,593 - AGICore - INFO - [04:31:34] Сканирование трендов для Social Publisher... (Agents: NewsAgent, AnalystAgent)
2026-04-23 04:31:37,607 - AGICore - INFO - [04:31:37] Оптимизация контекста RAG... (Agents: RAG_Indexer, CoderAgent, NewsAgent)
2026-04-23 04:31:37,607 - AGICore - INFO - ✅ Задача выполнена. Всего: 5
2026-04-23 04:31:40,610 - AGICore - INFO - [04:31:40] Сканирование трендов для Social Publisher... (Agents: VisionBridge)
2026-04-23 04:31:40,610 - AGICore - INFO - ✅ Задача выполнена. Всего: 6
2026-04-23 04:31:43,613 - AGICore - INFO - [04:31:43] Оптимизация контекста RAG... (Agents: AnalystAgent)
2026-04-23 04:31:43,614 - AGICore - INFO - ✅ Задача выполнена. Всего: 7
2026-04-23 04:31:46,622 - AGICore - INFO - [04:31:46] Сканирование трендов для Social Publisher... (Agents: AnalystAgent, CoderAgent)
2026-04-23 04:31:49,637 - AGICore - INFO - [04:31:49] Оптимизация контекста RAG... (Agents: RAG_Indexer, CoderAgent)
2026-04-23 04:31:52,640 - AGICore - INFO - [04:31:52] Сканирование трендов для Social Publisher... (Agents: VisionBridge)
2026-04-23 04:31:55,641 - AGICore - INFO - [04:31:55] Оптимизация контекста RAG... (Agents: AnalystAgent, RAG_Indexer)
2026-04-23 04:31:58,644 - AGICore - INFO - [04:31:58] Сканирование трендов для Social Publisher... (Agents: VisionBridge)
2026-04-23 04:32:01,653 - AGICore - INFO - [04:32:01] Оптимизация контекста RAG... (Agents: NewsAgent)
2026-04-23 04:32:04,658 - AGICore - INFO - [04:32:04] Сканирование трендов для Social Publisher... (Agents: AnalystAgent)
2026-04-23 04:32:04,658 - AGICore - INFO - ✅ Задача выполнена. Всего: 8
2026-04-23 04:32:07,672 - AGICore - INFO - [04:32:07] Оптимизация контекста RAG... (Agents: CoderAgent, AnalystAgent, NewsAgent)
2026-04-23 04:32:10,680 - AGICore - INFO - [04:32:10] Сканирование трендов для Social Publisher... (Agents: NewsAgent, AnalystAgent, RAG_Indexer)
2026-04-23 04:32:13,682 - AGICore - INFO - [04:32:13] Оптимизация контекста RAG... (Agents: CoderAgent, AnalystAgent)
2026-04-23 04:32:16,689 - AGICore - INFO - [04:32:16] Сканирование трендов для Social Publisher... (Agents: RAG_Indexer, NewsAgent)
2026-04-23 04:32:19,693 - AGICore - INFO - [04:32:19] Оптимизация контекста RAG... (Agents: NewsAgent)
2026-04-23 04:32:19,693 - AGICore - INFO - ✅ Задача выполнена. Всего: 9
2026-04-23 04:32:22,699 - AGICore - INFO - [04:32:22] Сканирование трендов для Social Publisher... (Agents: VisionBridge, CoderAgent, RAG_Indexer)
2026-04-23 04:32:25,701 - AGICore - INFO - [04:32:25] Оптимизация контекста RAG... (Agents: CoderAgent)
2026-04-23 04:32:28,706 - AGICore - INFO - [04:32:28] Сканирование трендов для Social Publisher... (Agents: RAG_Indexer, CoderAgent)
2026-04-23 04:32:28,706 - AGICore - INFO - ✅ Задача выполнена. Всего: 10
2026-04-23 04:32:31,712 - AGICore - INFO - [04:32:31] Оптимизация контекста RAG... (Agents: CoderAgent, AnalystAgent, VisionBridge)
2026-04-23 04:32:34,713 - AGICore - INFO - [04:32:34] Сканирование трендов для Social Publisher... (Agents: VisionBridge, NewsAgent, RAG_Indexer)
2026-04-23 04:32:37,720 - AGICore - INFO - [04:32:37] Оптимизация контекста RAG... (Agents: NewsAgent)
2026-04-23 04:32:37,721 - AGICore - INFO - ✅ Задача выполнена. Всего: 11
2026-04-23 04:32:40,725 - AGICore - INFO - [04:32:40] Сканирование трендов для Social Publisher... (Agents: NewsAgent, VisionBridge)
2026-04-23 04:32:40,725 - AGICore - INFO - ✅ Задача выполнена. Всего: 12
2026-04-23 04:32:43,740 - AGICore - INFO - [04:32:43] Оптимизация контекста RAG... (Agents: RAG_Indexer)
2026-04-23 04:32:46,742 - AGICore - INFO - [04:32:46] Сканирование трендов для Social Publisher... (Agents: CoderAgent, NewsAgent)
2026-04-23 04:32:49,756 - AGICore - INFO - [04:32:49] Оптимизация контекста RAG... (Agents: RAG_Indexer, NewsAgent, AnalystAgent)
2026-04-23 04:32:52,772 - AGICore - INFO - [04:32:52] Сканирование трендов для Social Publisher... (Agents: NewsAgent, AnalystAgent)
2026-04-23 04:32:55,780 - AGICore - INFO - [04:32:55] Оптимизация контекста RAG... (Agents: NewsAgent, CoderAgent)
2026-04-23 04:32:58,792 - AGICore - INFO - [04:32:58] Сканирование трендов для Social Publisher... (Agents: CoderAgent)
2026-04-23 04:33:01,799 - AGICore - INFO - [04:33:01] Оптимизация контекста RAG... (Agents: RAG_Indexer)
2026-04-23 04:33:01,799 - AGICore - INFO - ✅ Задача выполнена. Всего: 13
2026-04-23 04:33:04,815 - AGICore - INFO - [04:33:04] Сканирование трендов для Social Publisher... (Agents: AnalystAgent, VisionBridge)
2026-04-23 04:33:07,816 - AGICore - INFO - [04:33:07] Оптимизация контекста RAG... (Agents: AnalystAgent)
2026-04-23 04:33:10,819 - AGICore - INFO - [04:33:10] Сканирование трендов для Social Publisher... (Agents: RAG_Indexer, CoderAgent)
2026-04-23 04:33:13,826 - AGICore - INFO - [04:33:13] Оптимизация контекста RAG... (Agents: RAG_Indexer, NewsAgent, VisionBridge)
2026-04-23 04:33:16,827 - AGICore - INFO - [04:33:16] Сканирование трендов для Social Publisher... (Agents: VisionBridge)
2026-04-23 04:33:19,839 - AGICore - INFO - [04:33:19] Оптимизация контекста RAG... (Agents: AnalystAgent, VisionBridge, RAG_Indexer)
2026-04-23 04:33:22,845 - AGICore - INFO - [04:33:22] Сканирование трендов для Social Publisher... (Agents: NewsAgent)
2026-04-23 04:33:22,845 - AGICore - INFO - ✅ Задача выполнена. Всего: 14
2026-04-23 04:33:25,857 - AGICore - INFO - [04:33:25] Оптимизация контекста RAG... (Agents: NewsAgent)
2026-04-23 04:33:28,860 - AGICore - INFO - [04:33:28] Сканирование трендов для Social Publisher... (Agents: VisionBridge, RAG_Indexer, AnalystAgent)
2026-04-23 04:33:31,865 - AGICore - INFO - [04:33:31] Оптимизация контекста RAG... (Agents: AnalystAgent, VisionBridge, NewsAgent)
2026-04-23 04:33:34,873 - AGICore - INFO - [04:33:34] Сканирование трендов для Social Publisher... (Agents: CoderAgent, VisionBridge)
2026-04-23 04:33:34,873 - AGICore - INFO - ✅ Задача выполнена. Всего: 15
2026-04-23 04:33:37,874 - AGICore - INFO - [04:33:37] Оптимизация контекста RAG... (Agents: NewsAgent, CoderAgent)
2026-04-23 04:33:40,876 - AGICore - INFO - [04:33:40] Сканирование трендов для Social Publisher... (Agents: VisionBridge, AnalystAgent, RAG_Indexer)
2026-04-23 04:33:40,877 - AGICore - INFO - ✅ Задача выполнена. Всего: 16
2026-04-23 04:33:43,880 - AGICore - INFO - [04:33:43] Оптимизация контекста RAG... (Agents: NewsAgent, CoderAgent, AnalystAgent)
2026-04-23 04:33:46,896 - AGICore - INFO - [04:33:46] Сканирование трендов для Social Publisher... (Agents: NewsAgent)
2026-04-23 04:33:46,896 - AGICore - INFO - ✅ Задача выполнена. Всего: 17
2026-04-23 04:33:49,899 - AGICore - INFO - [04:33:49] Оптимизация контекста RAG... (Agents: VisionBridge, CoderAgent, NewsAgent)
2026-04-23 04:33:52,902 - AGICore - INFO - [04:33:52] Сканирование трендов для Social Publisher... (Agents: AnalystAgent, NewsAgent)
2026-04-23 04:33:52,903 - AGICore - INFO - ✅ Задача выполнена. Всего: 18
2026-04-23 04:33:55,909 - AGICore - INFO - [04:33:55] Оптимизация контекста RAG... (Agents: CoderAgent)
2026-04-23 04:33:55,909 - AGICore - INFO - ✅ Задача выполнена. Всего: 19
2026-04-23 04:33:58,912 - AGICore - INFO - [04:33:58] Сканирование трендов для Social Publisher... (Agents: RAG_Indexer)
2026-04-23 04:33:58,912 - AGICore - INFO - ✅ Задача выполнена. Всего: 20
2026-04-23 04:34:01,925 - AGICore - INFO - [04:34:01] Оптимизация контекста RAG... (Agents: VisionBridge)
2026-04-23 04:34:01,925 - AGICore - INFO - ✅ Задача выполнена. Всего: 21
2026-04-23 04:34:04,929 - AGICore - INFO - [04:34:04] Сканирование трендов для Social Publisher... (Agents: CoderAgent, VisionBridge)
2026-04-23 04:34:07,930 - AGICore - INFO - [04:34:07] Оптимизация контекста RAG... (Agents: VisionBridge, CoderAgent)
2026-04-23 04:34:10,937 - AGICore - INFO - [04:34:10] Сканирование трендов для Social Publisher... (Agents: AnalystAgent, CoderAgent)
2026-04-23 04:34:13,944 - AGICore - INFO - [04:34:13] Оптимизация контекста RAG... (Agents: VisionBridge)
2026-04-23 04:34:16,948 - AGICore - INFO - [04:34:16] Сканирование трендов для Social Publisher... (Agents: NewsAgent, AnalystAgent, VisionBridge)
2026-04-23 04:34:16,948 - AGICore - INFO - ✅ Задача выполнена. Всего: 22
2026-04-23 04:34:19,957 - AGICore - INFO - [04:34:19] Оптимизация контекста RAG... (Agents: NewsAgent, AnalystAgent)
2026-04-23 04:34:19,957 - AGICore - INFO - ✅ Задача выполнена. Всего: 23
2026-04-23 04:34:22,966 - AGICore - INFO - [04:34:22] Сканирование трендов для Social Publisher... (Agents: NewsAgent)
2026-04-23 04:34:25,970 - AGICore - INFO - [04:34:25] Оптимизация контекста RAG... (Agents: NewsAgent, CoderAgent)
2026-04-23 04:34:28,972 - AGICore - INFO - [04:34:28] Сканирование трендов для Social Publisher... (Agents: RAG_Indexer, CoderAgent, AnalystAgent)
2026-04-23 04:34:31,979 - AGICore - INFO - [04:34:31] Оптимизация контекста RAG... (Agents: CoderAgent, AnalystAgent, RAG_Indexer)
2026-04-23 04:34:31,979 - AGICore - INFO - ✅ Задача выполнена. Всего: 24
2026-04-23 04:34:34,982 - AGICore - INFO - [04:34:34] Сканирование трендов для Social Publisher... (Agents: AnalystAgent, NewsAgent)
2026-04-23 04:34:34,983 - AGICore - INFO - ✅ Задача выполнена. Всего: 25
2026-04-23 04:34:37,987 - AGICore - INFO - [04:34:37] Оптимизация контекста RAG... (Agents: AnalystAgent)
2026-04-23 04:34:41,001 - AGICore - INFO - [04:34:41] Ожидание ввода пользователя... (Agents: VisionBridge, CoderAgent, NewsAgent)
2026-04-23 04:34:44,016 - AGICore - INFO - [04:34:44] Генерация отчета по вчерашнему дню... (Agents: NewsAgent)
2026-04-23 04:34:47,021 - AGICore - INFO - [04:34:47] Ожидание ввода пользователя... (Agents: VisionBridge, CoderAgent)
2026-04-23 04:34:47,021 - AGICore - INFO - ✅ Задача выполнена. Всего: 26
2026-04-23 04:34:50,030 - AGICore - INFO - [04:34:50] Генерация отчета по вчерашнему дню... (Agents: AnalystAgent, VisionBridge)
2026-04-23 04:34:50,031 - AGICore - INFO - ✅ Задача выполнена. Всего: 27
2026-04-23 04:34:53,044 - AGICore - INFO - [04:34:53] Ожидание ввода пользователя... (Agents: AnalystAgent)
2026-04-23 04:34:56,047 - AGICore - INFO - [04:34:56] Генерация отчета по вчерашнему дню... (Agents: AnalystAgent)
2026-04-23 04:34:59,062 - AGICore - INFO - [04:34:59] Ожидание ввода пользователя... (Agents: AnalystAgent, VisionBridge)
2026-04-23 04:35:02,074 - AGICore - INFO - [04:35:02] Генерация отчета по вчерашнему дню... (Agents: NewsAgent)
2026-04-23 04:35:02,074 - AGICore - INFO - ✅ Задача выполнена. Всего: 28
2026-04-23 04:35:05,081 - AGICore - INFO - [04:35:05] Ожидание ввода пользователя... (Agents: CoderAgent, VisionBridge, NewsAgent)
2026-04-23 04:35:08,090 - AGICore - INFO - [04:35:08] Генерация отчета по вчерашнему дню... (Agents: VisionBridge, RAG_Indexer)
2026-04-23 04:35:11,101 - AGICore - INFO - [04:35:11] Ожидание ввода пользователя... (Agents: AnalystAgent)
2026-04-23 04:35:11,101 - AGICore - INFO - ✅ Задача выполнена. Всего: 29
2026-04-23 04:35:14,110 - AGICore - INFO - [04:35:14] Генерация отчета по вчерашнему дню... (Agents: VisionBridge, AnalystAgent, CoderAgent)
2026-04-23 04:35:17,125 - AGICore - INFO - [04:35:17] Ожидание ввода пользователя... (Agents: VisionBridge, AnalystAgent)
2026-04-23 04:35:20,132 - AGICore - INFO - [04:35:20] Генерация отчета по вчерашнему дню... (Agents: CoderAgent, RAG_Indexer, AnalystAgent)
2026-04-23 04:35:23,133 - AGICore - INFO - [04:35:23] Ожидание ввода пользователя... (Agents: RAG_Indexer)
2026-04-23 04:35:26,136 - AGICore - INFO - [04:35:26] Генерация отчета по вчерашнему дню... (Agents: NewsAgent)
2026-04-23 04:35:29,142 - AGICore - INFO - [04:35:29] Ожидание ввода пользователя... (Agents: AnalystAgent)
2026-04-23 04:35:32,145 - AGICore - INFO - [04:35:32] Генерация отчета по вчерашнему дню... (Agents: VisionBridge, AnalystAgent)
2026-04-23 04:35:32,146 - AGICore - INFO - ✅ Задача выполнена. Всего: 30
2026-04-23 04:35:35,149 - AGICore - INFO - [04:35:35] Ожидание ввода пользователя... (Agents: RAG_Indexer)
2026-04-23 04:35:38,154 - AGICore - INFO - [04:35:38] Генерация отчета по вчерашнему дню... (Agents: VisionBridge, CoderAgent, NewsAgent)
2026-04-23 04:35:38,154 - AGICore - INFO - ✅ Задача выполнена. Всего: 31
2026-04-23 04:35:41,165 - AGICore - INFO - [04:35:41] Ожидание ввода пользователя... (Agents: VisionBridge, AnalystAgent)
2026-04-23 04:35:41,166 - AGICore - INFO - ✅ Задача выполнена. Всего: 32
2026-04-23 04:35:44,168 - AGICore - INFO - [04:35:44] Генерация отчета по вчерашнему дню... (Agents: VisionBridge)
2026-04-23 04:35:47,174 - AGICore - INFO - [04:35:47] Ожидание ввода пользователя... (Agents: NewsAgent, RAG_Indexer)
2026-04-23 04:35:47,174 - AGICore - INFO - ✅ Задача выполнена. Всего: 33
2026-04-23 04:35:50,183 - AGICore - INFO - [04:35:50] Генерация отчета по вчерашнему дню... (Agents: AnalystAgent, RAG_Indexer, VisionBridge)
2026-04-23 04:35:53,197 - AGICore - INFO - [04:35:53] Ожидание ввода пользователя... (Agents: CoderAgent, VisionBridge)
2026-04-23 04:35:56,199 - AGICore - INFO - [04:35:56] Генерация отчета по вчерашнему дню... (Agents: CoderAgent, VisionBridge)
2026-04-23 04:35:59,203 - AGICore - INFO - [04:35:59] Ожидание ввода пользователя... (Agents: AnalystAgent)
2026-04-23 04:35:59,204 - AGICore - INFO - ✅ Задача выполнена. Всего: 34
2026-04-23 04:36:02,213 - AGICore - INFO - [04:36:02] Генерация отчета по вчерашнему дню... (Agents: NewsAgent, CoderAgent, AnalystAgent)
2026-04-23 04:36:05,220 - AGICore - INFO - [04:36:05] Ожидание ввода пользователя... (Agents: CoderAgent, VisionBridge, NewsAgent)
2026-04-23 04:36:05,221 - AGICore - INFO - ✅ Задача выполнена. Всего: 35
2026-04-23 04:36:08,235 - AGICore - INFO - [04:36:08] Генерация отчета по вчерашнему дню... (Agents: NewsAgent)
2026-04-23 04:36:11,235 - AGICore - INFO - [04:36:11] Ожидание ввода пользователя... (Agents: AnalystAgent)
2026-04-23 04:36:11,235 - AGICore - INFO - ✅ Задача выполнена. Всего: 36
2026-04-23 04:36:14,241 - AGICore - INFO - [04:36:14] Генерация отчета по вчерашнему дню... (Agents: CoderAgent)
2026-04-23 04:36:17,245 - AGICore - INFO - [04:36:17] Ожидание ввода пользователя... (Agents: AnalystAgent)
2026-04-23 04:36:20,247 - AGICore - INFO - [04:36:20] Генерация отчета по вчерашнему дню... (Agents: CoderAgent)
2026-04-23 04:36:23,258 - AGICore - INFO - [04:36:23] Ожидание ввода пользователя... (Agents: AnalystAgent)
2026-04-23 04:36:26,269 - AGICore - INFO - [04:36:26] Генерация отчета по вчерашнему дню... (Agents: VisionBridge, RAG_Indexer, CoderAgent)
2026-04-23 04:36:29,274 - AGICore - INFO - [04:36:29] Ожидание ввода пользователя... (Agents: NewsAgent, RAG_Indexer)
2026-04-23 04:36:32,287 - AGICore - INFO - [04:36:32] Генерация отчета по вчерашнему дню... (Agents: RAG_Indexer, CoderAgent)
2026-04-23 04:36:35,292 - AGICore - INFO - [04:36:35] Ожидание ввода пользователя... (Agents: AnalystAgent)
2026-04-23 04:36:38,301 - AGICore - INFO - [04:36:38] Генерация отчета по вчерашнему дню... (Agents: CoderAgent, AnalystAgent, VisionBridge)
2026-04-23 04:36:41,312 - AGICore - INFO - [04:36:41] Ожидание ввода пользователя... (Agents: CoderAgent, VisionBridge)
2026-04-23 04:36:44,314 - AGICore - INFO - [04:36:44] Генерация отчета по вчерашнему дню... (Agents: NewsAgent, AnalystAgent, CoderAgent)
2026-04-23 04:36:47,317 - AGICore - INFO - [04:36:47] Ожидание ввода пользователя... (Agents: AnalystAgent, RAG_Indexer)
2026-04-23 04:36:47,318 - AGICore - INFO - ✅ Задача выполнена. Всего: 37
2026-04-23 04:36:50,327 - AGICore - INFO - [04:36:50] Генерация отчета по вчерашнему дню... (Agents: VisionBridge, RAG_Indexer, AnalystAgent)
2026-04-23 04:36:50,327 - AGICore - INFO - ✅ Задача выполнена. Всего: 38
2026-04-23 04:36:53,330 - AGICore - INFO - [04:36:53] Ожидание ввода пользователя... (Agents: NewsAgent, RAG_Indexer, CoderAgent)
2026-04-23 04:36:56,333 - AGICore - INFO - [04:36:56] Генерация отчета по вчерашнему дню... (Agents: VisionBridge, NewsAgent)
2026-04-23 04:36:59,342 - AGICore - INFO - [04:36:59] Ожидание ввода пользователя... (Agents: CoderAgent, VisionBridge, AnalystAgent)
2026-04-23 04:37:02,345 - AGICore - INFO - [04:37:02] Генерация отчета по вчерашнему дню... (Agents: AnalystAgent, CoderAgent, RAG_Indexer)
2026-04-23 04:37:02,346 - AGICore - INFO - ✅ Задача выполнена. Всего: 39
2026-04-23 04:37:05,348 - AGICore - INFO - [04:37:05] Ожидание ввода пользователя... (Agents: AnalystAgent, NewsAgent, RAG_Indexer)
2026-04-23 04:37:08,350 - AGICore - INFO - [04:37:08] Генерация отчета по вчерашнему дню... (Agents: RAG_Indexer, AnalystAgent)
2026-04-23 04:37:11,351 - AGICore - INFO - [04:37:11] Ожидание ввода пользователя... (Agents: VisionBridge, AnalystAgent)
2026-04-23 04:37:14,359 - AGICore - INFO - [04:37:14] Генерация отчета по вчерашнему дню... (Agents: CoderAgent, NewsAgent)
2026-04-23 04:37:14,359 - AGICore - INFO - ✅ Задача выполнена. Всего: 40
2026-04-23 04:37:17,364 - AGICore - INFO - [04:37:17] Ожидание ввода пользователя... (Agents: AnalystAgent, VisionBridge)
2026-04-23 04:37:20,371 - AGICore - INFO - [04:37:20] Генерация отчета по вчерашнему дню... (Agents: CoderAgent, RAG_Indexer)
2026-04-23 04:37:23,375 - AGICore - INFO - [04:37:23] Ожидание ввода пользователя... (Agents: NewsAgent)
2026-04-23 04:37:26,388 - AGICore - INFO - [04:37:26] Генерация отчета по вчерашнему дню... (Agents: NewsAgent)
2026-04-23 04:37:26,389 - AGICore - INFO - ✅ Задача выполнена. Всего: 41
2026-04-23 04:37:29,397 - AGICore - INFO - [04:37:29] Ожидание ввода пользователя... (Agents: VisionBridge, NewsAgent, AnalystAgent)
2026-04-23 04:37:29,397 - AGICore - INFO - ✅ Задача выполнена. Всего: 42
2026-04-23 04:37:32,405 - AGICore - INFO - [04:37:32] Генерация отчета по вчерашнему дню... (Agents: CoderAgent, VisionBridge, NewsAgent)
2026-04-23 04:37:32,405 - AGICore - INFO - ✅ Задача выполнена. Всего: 43
2026-04-23 04:37:35,409 - AGICore - INFO - [04:37:35] Ожидание ввода пользователя... (Agents: RAG_Indexer)
2026-04-23 04:37:38,424 - AGICore - INFO - [04:37:38] Генерация отчета по вчерашнему дню... (Agents: RAG_Indexer)
2026-04-23 04:37:41,433 - AGICore - INFO - [04:37:41] Ожидание ввода пользователя... (Agents: VisionBridge)
2026-04-23 04:37:44,439 - AGICore - INFO - [04:37:44] Генерация отчета по вчерашнему дню... (Agents: AnalystAgent)
2026-04-23 04:37:47,442 - AGICore - INFO - [04:37:47] Ожидание ввода пользователя... (Agents: CoderAgent, NewsAgent, AnalystAgent)
2026-04-23 04:37:50,457 - AGICore - INFO - [04:37:50] Генерация отчета по вчерашнему дню... (Agents: CoderAgent, RAG_Indexer, AnalystAgent)
2026-04-23 04:37:53,460 - AGICore - INFO - [04:37:53] Ожидание ввода пользователя... (Agents: VisionBridge, NewsAgent)
2026-04-23 04:37:56,473 - AGICore - INFO - [04:37:56] Генерация отчета по вчерашнему дню... (Agents: NewsAgent)
2026-04-23 04:37:59,487 - AGICore - INFO - [04:37:59] Ожидание ввода пользователя... (Agents: RAG_Indexer, CoderAgent, AnalystAgent)
2026-04-23 04:38:02,490 - AGICore - INFO - [04:38:02] Генерация отчета по вчерашнему дню... (Agents: VisionBridge, NewsAgent)
2026-04-23 04:38:05,502 - AGICore - INFO - [04:38:05] Ожидание ввода пользователя... (Agents: VisionBridge)
2026-04-23 04:38:08,508 - AGICore - INFO - [04:38:08] Генерация отчета по вчерашнему дню... (Agents: AnalystAgent, VisionBridge)
2026-04-23 04:38:08,508 - AGICore - INFO - ✅ Задача выполнена. Всего: 44
2026-04-23 04:38:11,519 - AGICore - INFO - [04:38:11] Ожидание ввода пользователя... (Agents: AnalystAgent)
2026-04-23 04:38:14,532 - AGICore - INFO - [04:38:14] Генерация отчета по вчерашнему дню... (Agents: CoderAgent, RAG_Indexer)
2026-04-23 04:38:14,533 - AGICore - INFO - ✅ Задача выполнена. Всего: 45
2026-04-23 04:38:17,536 - AGICore - INFO - [04:38:17] Ожидание ввода пользователя... (Agents: RAG_Indexer, NewsAgent)
2026-04-23 04:38:17,536 - AGICore - INFO - ✅ Задача выполнена. Всего: 46
2026-04-23 04:38:20,540 - AGICore - INFO - [04:38:20] Генерация отчета по вчерашнему дню... (Agents: AnalystAgent)
2026-04-23 04:38:23,549 - AGICore - INFO - [04:38:23] Ожидание ввода пользователя... (Agents: AnalystAgent, NewsAgent, RAG_Indexer)
2026-04-23 04:38:23,550 - AGICore - INFO - ✅ Задача выполнена. Всего: 47
2026-04-23 04:38:26,560 - AGICore - INFO - [04:38:26] Генерация отчета по вчерашнему дню... (Agents: CoderAgent)
2026-04-23 04:38:29,562 - AGICore - INFO - [04:38:29] Ожидание ввода пользователя... (Agents: RAG_Indexer)
2026-04-23 04:38:29,562 - AGICore - INFO - ✅ Задача выполнена. Всего: 48
2026-04-23 04:38:32,569 - AGICore - INFO - [04:38:32] Генерация отчета по вчерашнему дню... (Agents: CoderAgent, AnalystAgent)
2026-04-23 04:38:32,569 - AGICore - INFO - ✅ Задача выполнена. Всего: 49
2026-04-23 04:38:35,574 - AGICore - INFO - [04:38:35] Ожидание ввода пользователя... (Agents: AnalystAgent, VisionBridge)
2026-04-23 04:38:35,575 - AGICore - INFO - ✅ Задача выполнена. Всего: 50
2026-04-23 04:38:38,590 - AGICore - INFO - [04:38:38] Генерация отчета по вчерашнему дню... (Agents: VisionBridge, AnalystAgent, CoderAgent)
2026-04-23 04:38:41,595 - AGICore - INFO - [04:38:41] Ожидание ввода пользователя... (Agents: VisionBridge, NewsAgent)
2026-04-23 04:38:44,610 - AGICore - INFO - [04:38:44] Генерация отчета по вчерашнему дню... (Agents: NewsAgent, CoderAgent)
2026-04-23 04:38:44,611 - AGICore - INFO - ✅ Задача выполнена. Всего: 51
2026-04-23 04:38:47,618 - AGICore - INFO - [04:38:47] Ожидание ввода пользователя... (Agents: NewsAgent, VisionBridge)
2026-04-23 04:38:47,618 - AGICore - INFO - ✅ Задача выполнена. Всего: 52
2026-04-23 04:38:50,623 - AGICore - INFO - [04:38:50] Генерация отчета по вчерашнему дню... (Agents: AnalystAgent)
2026-04-23 04:38:50,624 - AGICore - INFO - ✅ Задача выполнена. Всего: 53
2026-04-23 04:38:53,634 - AGICore - INFO - [04:38:53] Ожидание ввода пользователя... (Agents: NewsAgent, VisionBridge)
2026-04-23 04:38:56,650 - AGICore - INFO - [04:38:56] Генерация отчета по вчерашнему дню... (Agents: AnalystAgent, CoderAgent)
2026-04-23 04:38:59,653 - AGICore - INFO - [04:38:59] Ожидание ввода пользователя... (Agents: NewsAgent, CoderAgent, RAG_Indexer)
2026-04-23 04:39:02,654 - AGICore - INFO - [04:39:02] Генерация отчета по вчерашнему дню... (Agents: CoderAgent)
2026-04-23 04:39:05,669 - AGICore - INFO - [04:39:05] Ожидание ввода пользователя... (Agents: AnalystAgent)
2026-04-23 04:39:08,672 - AGICore - INFO - [04:39:08] Генерация отчета по вчерашнему дню... (Agents: CoderAgent, AnalystAgent, VisionBridge)
2026-04-23 04:39:11,676 - AGICore - INFO - [04:39:11] Ожидание ввода пользователя... (Agents: VisionBridge)
2026-04-23 04:39:14,681 - AGICore - INFO - [04:39:14] Генерация отчета по вчерашнему дню... (Agents: NewsAgent, CoderAgent, RAG_Indexer)
2026-04-23 04:39:17,686 - AGICore - INFO - [04:39:17] Ожидание ввода пользователя... (Agents: AnalystAgent, CoderAgent)
2026-04-23 04:39:17,686 - AGICore - INFO - ✅ Задача выполнена. Всего: 54
2026-04-23 04:39:20,701 - AGICore - INFO - [04:39:20] Генерация отчета по вчерашнему дню... (Agents: AnalystAgent, RAG_Indexer, VisionBridge)
2026-04-23 04:39:20,701 - AGICore - INFO - ✅ Задача выполнена. Всего: 55
2026-04-23 04:39:23,713 - AGICore - INFO - [04:39:23] Ожидание ввода пользователя... (Agents: VisionBridge, AnalystAgent)
2026-04-23 04:39:26,723 - AGICore - INFO - [04:39:26] Генерация отчета по вчерашнему дню... (Agents: AnalystAgent, CoderAgent)
2026-04-23 04:39:29,730 - AGICore - INFO - [04:39:29] Ожидание ввода пользователя... (Agents: NewsAgent)
2026-04-23 04:39:32,734 - AGICore - INFO - [04:39:32] Генерация отчета по вчерашнему дню... (Agents: AnalystAgent, CoderAgent, RAG_Indexer)
2026-04-23 04:39:35,749 - AGICore - INFO - [04:39:35] Ожидание ввода пользователя... (Agents: AnalystAgent, NewsAgent)
2026-04-23 04:39:38,764 - AGICore - INFO - [04:39:38] Генерация отчета по вчерашнему дню... (Agents: VisionBridge)
2026-04-23 04:39:41,765 - AGICore - INFO - [04:39:41] Ожидание ввода пользователя... (Agents: VisionBridge, NewsAgent, AnalystAgent)
2026-04-23 04:39:44,767 - AGICore - INFO - [04:39:44] Генерация отчета по вчерашнему дню... (Agents: AnalystAgent)
2026-04-23 04:39:44,768 - AGICore - INFO - ✅ Задача выполнена. Всего: 56
2026-04-23 04:39:47,772 - AGICore - INFO - [04:39:47] Ожидание ввода пользователя... (Agents: CoderAgent, NewsAgent, RAG_Indexer)
2026-04-23 04:39:50,781 - AGICore - INFO - [04:39:50] Генерация отчета по вчерашнему дню... (Agents: AnalystAgent)
2026-04-23 04:39:50,782 - AGICore - INFO - ✅ Задача выполнена. Всего: 57
2026-04-23 04:39:53,784 - AGICore - INFO - [04:39:53] Ожидание ввода пользователя... (Agents: NewsAgent, VisionBridge)
2026-04-23 04:39:53,784 - AGICore - INFO - ✅ Задача выполнена. Всего: 58
2026-04-23 04:39:56,798 - AGICore - INFO - [04:39:56] Генерация отчета по вчерашнему дню... (Agents: CoderAgent, RAG_Indexer)
2026-04-23 04:39:56,798 - AGICore - INFO - ✅ Задача выполнена. Всего: 59
2026-04-23 04:39:59,810 - AGICore - INFO - [04:39:59] Ожидание ввода пользователя... (Agents: RAG_Indexer, VisionBridge, CoderAgent)
2026-04-23 04:39:59,810 - AGICore - INFO - ✅ Задача выполнена. Всего: 60
2026-04-23 04:40:02,817 - AGICore - INFO - [04:40:02] Генерация отчета по вчерашнему дню... (Agents: VisionBridge)
2026-04-23 04:40:05,827 - AGICore - INFO - [04:40:05] Ожидание ввода пользователя... (Agents: AnalystAgent)
2026-04-23 04:40:08,842 - AGICore - INFO - [04:40:08] Генерация отчета по вчерашнему дню... (Agents: AnalystAgent, VisionBridge)
2026-04-23 04:40:08,842 - AGICore - INFO - ✅ Задача выполнена. Всего: 61
2026-04-23 04:40:11,843 - AGICore - INFO - [04:40:11] Ожидание ввода пользователя... (Agents: RAG_Indexer, CoderAgent, NewsAgent)
2026-04-23 04:40:14,858 - AGICore - INFO - [04:40:14] Генерация отчета по вчерашнему дню... (Agents: CoderAgent, NewsAgent)
2026-04-23 04:40:17,872 - AGICore - INFO - [04:40:17] Ожидание ввода пользователя... (Agents: CoderAgent, AnalystAgent, NewsAgent)
2026-04-23 04:40:20,875 - AGICore - INFO - [04:40:20] Генерация отчета по вчерашнему дню... (Agents: CoderAgent, AnalystAgent)
2026-04-23 04:40:23,891 - AGICore - INFO - [04:40:23] Ожидание ввода пользователя... (Agents: RAG_Indexer, NewsAgent)
2026-04-23 04:40:26,895 - AGICore - INFO - [04:40:26] Генерация отчета по вчерашнему дню... (Agents: AnalystAgent, NewsAgent, RAG_Indexer)
2026-04-23 04:40:29,897 - AGICore - INFO - [04:40:29] Ожидание ввода пользователя... (Agents: AnalystAgent, RAG_Indexer, VisionBridge)
2026-04-23 04:40:32,900 - AGICore - INFO - [04:40:32] Генерация отчета по вчерашнему дню... (Agents: CoderAgent, AnalystAgent)
2026-04-23 04:40:32,900 - AGICore - INFO - ✅ Задача выполнена. Всего: 62
2026-04-23 04:40:35,901 - AGICore - INFO - [04:40:35] Ожидание ввода пользователя... (Agents: CoderAgent)
2026-04-23 04:40:38,903 - AGICore - INFO - [04:40:38] Генерация отчета по вчерашнему дню... (Agents: CoderAgent)
2026-04-23 04:40:41,909 - AGICore - INFO - [04:40:41] Ожидание ввода пользователя... (Agents: NewsAgent, VisionBridge, CoderAgent)
2026-04-23 04:40:41,909 - AGICore - INFO - ✅ Задача выполнена. Всего: 63
2026-04-23 04:40:44,925 - AGICore - INFO - [04:40:44] Генерация отчета по вчерашнему дню... (Agents: NewsAgent)
2026-04-23 04:40:47,932 - AGICore - INFO - [04:40:47] Ожидание ввода пользователя... (Agents: AnalystAgent, CoderAgent)
2026-04-23 04:40:47,932 - AGICore - INFO - ✅ Задача выполнена. Всего: 64
2026-04-23 04:40:50,936 - AGICore - INFO - [04:40:50] Генерация отчета по вчерашнему дню... (Agents: VisionBridge, CoderAgent, AnalystAgent)
2026-04-23 04:40:53,941 - AGICore - INFO - [04:40:53] Ожидание ввода пользователя... (Agents: AnalystAgent, RAG_Indexer)
2026-04-23 04:40:53,942 - AGICore - INFO - ✅ Задача выполнена. Всего: 65
2026-04-23 04:40:56,951 - AGICore - INFO - [04:40:56] Генерация отчета по вчерашнему дню... (Agents: VisionBridge, NewsAgent)
2026-04-23 04:40:59,965 - AGICore - INFO - [04:40:59] Ожидание ввода пользователя... (Agents: AnalystAgent, RAG_Indexer, NewsAgent)
2026-04-23 04:41:02,969 - AGICore - INFO - [04:41:02] Генерация отчета по вчерашнему дню... (Agents: RAG_Indexer, AnalystAgent)
2026-04-23 04:41:05,980 - AGICore - INFO - [04:41:05] Ожидание ввода пользователя... (Agents: RAG_Indexer)
2026-04-23 04:41:08,988 - AGICore - INFO - [04:41:08] Генерация отчета по вчерашнему дню... (Agents: VisionBridge, NewsAgent, AnalystAgent)
2026-04-23 04:41:11,994 - AGICore - INFO - [04:41:11] Ожидание ввода пользователя... (Agents: CoderAgent, VisionBridge)
2026-04-23 04:41:14,999 - AGICore - INFO - [04:41:14] Генерация отчета по вчерашнему дню... (Agents: AnalystAgent)
2026-04-23 04:41:18,003 - AGICore - INFO - [04:41:18] Анализ новостей за последние 24 часа... (Agents: CoderAgent)
2026-04-23 04:41:18,004 - AGICore - INFO - ✅ Задача выполнена. Всего: 66
2026-04-23 04:41:21,009 - AGICore - INFO - [04:41:21] Проверка обновлений плагинов... (Agents: VisionBridge, AnalystAgent, CoderAgent)
2026-04-23 04:41:21,009 - AGICore - INFO - ✅ Задача выполнена. Всего: 67
2026-04-23 04:41:24,014 - AGICore - INFO - [04:41:24] Анализ новостей за последние 24 часа... (Agents: AnalystAgent, RAG_Indexer)
2026-04-23 04:41:24,014 - AGICore - INFO - ✅ Задача выполнена. Всего: 68
2026-04-23 04:41:27,018 - AGICore - INFO - [04:41:27] Проверка обновлений плагинов... (Agents: NewsAgent, VisionBridge, AnalystAgent)
2026-04-23 04:41:30,020 - AGICore - INFO - [04:41:30] Анализ новостей за последние 24 часа... (Agents: AnalystAgent, CoderAgent)
2026-04-23 04:41:33,024 - AGICore - INFO - [04:41:33] Проверка обновлений плагинов... (Agents: AnalystAgent, NewsAgent, VisionBridge)
2026-04-23 04:41:36,034 - AGICore - INFO - [04:41:36] Анализ новостей за последние 24 часа... (Agents: AnalystAgent, VisionBridge, CoderAgent)
2026-04-23 04:41:36,034 - AGICore - INFO - ✅ Задача выполнена. Всего: 69
2026-04-23 04:41:39,043 - AGICore - INFO - [04:41:39] Проверка обновлений плагинов... (Agents: NewsAgent, CoderAgent, VisionBridge)
2026-04-23 04:41:42,051 - AGICore - INFO - [04:41:42] Анализ новостей за последние 24 часа... (Agents: CoderAgent, VisionBridge)
2026-04-23 04:41:45,063 - AGICore - INFO - [04:41:45] Проверка обновлений плагинов... (Agents: AnalystAgent, VisionBridge)
2026-04-23 04:41:45,064 - AGICore - INFO - ✅ Задача выполнена. Всего: 70
2026-04-23 04:41:48,067 - AGICore - INFO - [04:41:48] Анализ новостей за последние 24 часа... (Agents: NewsAgent)
2026-04-23 04:41:48,068 - AGICore - INFO - ✅ Задача выполнена. Всего: 71
2026-04-23 04:41:51,074 - AGICore - INFO - [04:41:51] Проверка обновлений плагинов... (Agents: VisionBridge, RAG_Indexer)
2026-04-23 04:41:54,082 - AGICore - INFO - [04:41:54] Анализ новостей за последние 24 часа... (Agents: RAG_Indexer, AnalystAgent, CoderAgent)
2026-04-23 04:41:57,086 - AGICore - INFO - [04:41:57] Проверка обновлений плагинов... (Agents: NewsAgent)
2026-04-23 04:42:00,094 - AGICore - INFO - [04:42:00] Анализ новостей за последние 24 часа... (Agents: CoderAgent, AnalystAgent, RAG_Indexer)
2026-04-23 04:42:03,106 - AGICore - INFO - [04:42:03] Проверка обновлений плагинов... (Agents: AnalystAgent, VisionBridge)
2026-04-23 04:42:06,113 - AGICore - INFO - [04:42:06] Анализ новостей за последние 24 часа... (Agents: NewsAgent)
2026-04-23 04:42:09,123 - AGICore - INFO - [04:42:09] Проверка обновлений плагинов... (Agents: VisionBridge)
2026-04-23 04:42:12,138 - AGICore - INFO - [04:42:12] Анализ новостей за последние 24 часа... (Agents: AnalystAgent, VisionBridge)
2026-04-23 04:42:15,147 - AGICore - INFO - [04:42:15] Проверка обновлений плагинов... (Agents: NewsAgent, AnalystAgent, CoderAgent)
2026-04-23 04:42:18,153 - AGICore - INFO - [04:42:18] Анализ новостей за последние 24 часа... (Agents: VisionBridge, RAG_Indexer, CoderAgent)
2026-04-23 04:42:21,157 - AGICore - INFO - [04:42:21] Проверка обновлений плагинов... (Agents: AnalystAgent, RAG_Indexer)
2026-04-23 04:42:24,161 - AGICore - INFO - [04:42:24] Анализ новостей за последние 24 часа... (Agents: CoderAgent, VisionBridge)
2026-04-23 04:42:24,162 - AGICore - INFO - ✅ Задача выполнена. Всего: 72
2026-04-23 04:42:27,162 - AGICore - INFO - [04:42:27] Проверка обновлений плагинов... (Agents: VisionBridge)
2026-04-23 04:42:30,173 - AGICore - INFO - [04:42:30] Анализ новостей за последние 24 часа... (Agents: RAG_Indexer, VisionBridge)
2026-04-23 04:42:33,176 - AGICore - INFO - [04:42:33] Проверка обновлений плагинов... (Agents: NewsAgent, CoderAgent, RAG_Indexer)
2026-04-23 04:42:33,176 - AGICore - INFO - ✅ Задача выполнена. Всего: 73
2026-04-23 04:42:36,189 - AGICore - INFO - [04:42:36] Анализ новостей за последние 24 часа... (Agents: CoderAgent, NewsAgent, AnalystAgent)
2026-04-23 04:42:39,204 - AGICore - INFO - [04:42:39] Проверка обновлений плагинов... (Agents: AnalystAgent)
2026-04-23 04:42:42,214 - AGICore - INFO - [04:42:42] Анализ новостей за последние 24 часа... (Agents: RAG_Indexer, CoderAgent)
2026-04-23 04:42:45,223 - AGICore - INFO - [04:42:45] Проверка обновлений плагинов... (Agents: VisionBridge)
2026-04-23 04:42:48,227 - AGICore - INFO - [04:42:48] Анализ новостей за последние 24 часа... (Agents: RAG_Indexer, VisionBridge)
2026-04-23 04:42:48,227 - AGICore - INFO - ✅ Задача выполнена. Всего: 74
2026-04-23 04:42:51,242 - AGICore - INFO - [04:42:51] Проверка обновлений плагинов... (Agents: AnalystAgent)
2026-04-23 04:42:51,242 - AGICore - INFO - ✅ Задача выполнена. Всего: 75
2026-04-23 04:42:54,247 - AGICore - INFO - [04:42:54] Анализ новостей за последние 24 часа... (Agents: VisionBridge, NewsAgent)
2026-04-23 04:42:57,252 - AGICore - INFO - [04:42:57] Проверка обновлений плагинов... (Agents: NewsAgent, RAG_Indexer)
2026-04-23 04:43:00,259 - AGICore - INFO - [04:43:00] Анализ новостей за последние 24 часа... (Agents: NewsAgent, CoderAgent, RAG_Indexer)
2026-04-23 04:43:03,263 - AGICore - INFO - [04:43:03] Проверка обновлений плагинов... (Agents: VisionBridge)
2026-04-23 04:43:06,264 - AGICore - INFO - [04:43:06] Анализ новостей за последние 24 часа... (Agents: AnalystAgent, VisionBridge, RAG_Indexer)
2026-04-23 04:43:09,272 - AGICore - INFO - [04:43:09] Проверка обновлений плагинов... (Agents: NewsAgent)
2026-04-23 04:43:12,287 - AGICore - INFO - [04:43:12] Анализ новостей за последние 24 часа... (Agents: AnalystAgent)
2026-04-23 04:59:04,362 - AGICore - INFO - 🚀 Initializing AGI Core...
2026-04-23 04:59:04,367 - AGICore - INFO - ✅ Configuration loaded from F:\AI\Py\II2\lmstudio-agi-core\config\config.yaml
2026-04-23 04:59:04,443 - AGICore - INFO - ✅ LM Studio connected at http://127.0.0.1:1234
2026-04-23 04:59:04,447 - AGICore - INFO - 🌐 Visual Router available at http://localhost:8080
2026-04-23 04:59:04,517 - AGICore - INFO - ✅ System Ready. Interface opened in browser.
2026-04-23 04:59:04,517 - AGICore - INFO - Press Ctrl+C to stop.
2026-04-23 04:59:04,518 - AGICore - INFO - 🔄 Entering background task loop...
2026-04-23 04:59:04,522 - AGICore - INFO - ✅ LM Studio connected at http://127.0.0.1:1234
2026-04-23 04:59:04,867 - AGICore - INFO - ✅ LM Studio connected at http://127.0.0.1:1234
2026-04-23 04:59:05,018 - AGICore - INFO - ✅ LM Studio connected at http://127.0.0.1:1234
2026-04-23 04:59:05,173 - AGICore - INFO - ✅ LM Studio connected at http://127.0.0.1:1234
2026-04-23 04:59:05,328 - AGICore - INFO - ✅ LM Studio connected at http://127.0.0.1:1234
2026-04-23 04:59:05,483 - AGICore - INFO - ✅ LM Studio connected at http://127.0.0.1:1234
2026-04-23 04:59:05,641 - AGICore - INFO - ✅ LM Studio connected at http://127.0.0.1:1234
2026-04-23 04:59:05,796 - AGICore - INFO - ✅ LM Studio connected at http://127.0.0.1:1234
2026-04-23 04:59:05,953 - AGICore - INFO - ✅ LM Studio connected at http://127.0.0.1:1234
2026-04-23 04:59:06,118 - AGICore - INFO - ✅ LM Studio connected at http://127.0.0.1:1234
2026-04-23 04:59:06,263 - AGICore - INFO - ✅ LM Studio connected at http://127.0.0.1:1234
2026-04-23 04:59:06,419 - AGICore - INFO - ✅ LM Studio connected at http://127.0.0.1:1234
2026-04-23 04:59:06,576 - AGICore - INFO - ✅ LM Studio connected at http://127.0.0.1:1234
2026-04-23 04:59:06,745 - AGICore - INFO - ✅ LM Studio connected at http://127.0.0.1:1234
2026-04-23 04:59:06,881 - AGICore - INFO - ✅ LM Studio connected at http://127.0.0.1:1234
2026-04-23 04:59:07,040 - AGICore - INFO - ✅ LM Studio connected at http://127.0.0.1:1234
2026-04-23 04:59:07,197 - AGICore - INFO - ✅ LM Studio connected at http://127.0.0.1:1234
2026-04-23 04:59:07,352 - AGICore - INFO - ✅ LM Studio connected at http://127.0.0.1:1234
2026-04-23 04:59:07,510 - AGICore - INFO - ✅ LM Studio connected at http://127.0.0.1:1234
2026-04-23 04:59:07,665 - AGICore - INFO - ✅ LM Studio connected at http://127.0.0.1:1234
2026-04-23 04:59:07,830 - AGICore - INFO - ✅ LM Studio connected at http://127.0.0.1:1234
2026-04-23 04:59:07,971 - AGICore - INFO - ✅ LM Studio connected at http://127.0.0.1:1234
2026-04-23 04:59:08,127 - AGICore - INFO - ✅ LM Studio connected at http://127.0.0.1:1234
2026-04-23 04:59:08,299 - AGICore - INFO - ✅ LM Studio connected at http://127.0.0.1:1234
2026-04-23 04:59:08,440 - AGICore - INFO - ✅ LM Studio connected at http://127.0.0.1:1234
2026-04-23 04:59:08,593 - AGICore - INFO - ✅ LM Studio connected at http://127.0.0.1:1234
2026-04-23 04:59:08,890 - AGICore - INFO - ✅ LM Studio connected at http://127.0.0.1:1234
2026-04-23 04:59:09,653 - AGICore - INFO - ✅ LM Studio connected at http://127.0.0.1:1234
2026-04-23 04:59:10,332 - AGICore - INFO - ✅ LM Studio connected at http://127.0.0.1:1234
2026-04-23 04:59:11,199 - AGICore - INFO - ✅ LM Studio connected at http://127.0.0.1:1234
2026-04-23 04:59:11,475 - AGICore - INFO - ✅ LM Studio connected at http://127.0.0.1:1234
2026-04-23 04:59:12,334 - AGICore - INFO - ✅ LM Studio connected at http://127.0.0.1:1234
2026-04-23 04:59:13,193 - AGICore - INFO - ✅ LM Studio connected at http://127.0.0.1:1234
2026-04-23 04:59:13,453 - AGICore - INFO - ✅ LM Studio connected at http://127.0.0.1:1234
2026-04-23 04:59:14,357 - AGICore - INFO - ✅ LM Studio connected at http://127.0.0.1:1234
2026-04-23 04:59:15,188 - AGICore - INFO - ✅ LM Studio connected at http://127.0.0.1:1234
2026-04-23 04:59:15,454 - AGICore - INFO - ✅ LM Studio connected at http://127.0.0.1:1234
2026-04-23 04:59:16,356 - AGICore - INFO - ✅ LM Studio connected at http://127.0.0.1:1234
2026-04-23 04:59:17,197 - AGICore - INFO - ✅ LM Studio connected at http://127.0.0.1:1234
2026-04-23 04:59:17,475 - AGICore - INFO - ✅ LM Studio connected at http://127.0.0.1:1234
2026-04-23 04:59:18,344 - AGICore - INFO - ✅ LM Studio connected at http://127.0.0.1:1234
2026-04-23 04:59:19,186 - AGICore - INFO - ✅ LM Studio connected at http://127.0.0.1:1234
2026-04-23 04:59:19,464 - AGICore - INFO - ✅ LM Studio connected at http://127.0.0.1:1234
2026-04-23 04:59:19,610 - AGICore - INFO - ✅ LM Studio connected at http://127.0.0.1:1234
2026-04-23 04:59:20,342 - AGICore - INFO - ✅ LM Studio connected at http://127.0.0.1:1234
2026-04-23 04:59:21,659 - AGICore - INFO - ✅ LM Studio connected at http://127.0.0.1:1234
2026-04-23 04:59:22,345 - AGICore - INFO - ✅ LM Studio connected at http://127.0.0.1:1234
2026-04-23 04:59:23,648 - AGICore - INFO - ✅ LM Studio connected at http://127.0.0.1:1234
2026-04-23 04:59:23,912 - AGICore - INFO - ✅ LM Studio connected at http://127.0.0.1:1234
2026-04-23 04:59:23,972 - AGICore - INFO - ✅ LM Studio connected at http://127.0.0.1:1234
2026-04-23 04:59:24,332 - AGICore - INFO - ✅ LM Studio connected at http://127.0.0.1:1234
2026-04-23 04:59:25,201 - AGICore - INFO - ✅ LM Studio connected at http://127.0.0.1:1234
2026-04-23 04:59:25,454 - AGICore - INFO - ✅ LM Studio connected at http://127.0.0.1:1234
2026-04-23 04:59:26,343 - AGICore - INFO - ✅ LM Studio connected at http://127.0.0.1:1234
2026-04-23 04:59:27,197 - AGICore - INFO - ✅ LM Studio connected at http://127.0.0.1:1234
2026-04-23 04:59:27,448 - AGICore - INFO - ✅ LM Studio connected at http://127.0.0.1:1234
2026-04-23 04:59:28,351 - AGICore - INFO - ✅ LM Studio connected at http://127.0.0.1:1234
2026-04-23 04:59:29,209 - AGICore - INFO - ✅ LM Studio connected at http://127.0.0.1:1234
2026-04-23 04:59:29,464 - AGICore - INFO - ✅ LM Studio connected at http://127.0.0.1:1234
2026-04-23 04:59:30,344 - AGICore - INFO - ✅ LM Studio connected at http://127.0.0.1:1234
2026-04-23 04:59:31,187 - AGICore - INFO - ✅ LM Studio connected at http://127.0.0.1:1234
2026-04-23 04:59:31,451 - AGICore - INFO - ✅ LM Studio connected at http://127.0.0.1:1234
2026-04-23 04:59:32,339 - AGICore - INFO - ✅ LM Studio connected at http://127.0.0.1:1234
2026-04-23 04:59:33,195 - AGICore - INFO - ✅ LM Studio connected at http://127.0.0.1:1234
2026-04-23 04:59:33,474 - AGICore - INFO - ✅ LM Studio connected at http://127.0.0.1:1234
2026-04-23 04:59:33,510 - AGICore - INFO - ✅ LM Studio connected at http://127.0.0.1:1234
2026-04-23 04:59:34,337 - AGICore - INFO - ✅ LM Studio connected at http://127.0.0.1:1234
2026-04-23 04:59:34,958 - AGICore - INFO - ✅ LM Studio connected at http://127.0.0.1:1234
2026-04-23 04:59:35,206 - AGICore - INFO - ✅ LM Studio connected at http://127.0.0.1:1234
2026-04-23 04:59:35,329 - AGICore - INFO - ✅ LM Studio connected at http://127.0.0.1:1234
2026-04-23 04:59:36,651 - AGICore - INFO - ✅ LM Studio connected at http://127.0.0.1:1234
2026-04-23 04:59:36,917 - AGICore - INFO - ✅ LM Studio connected at http://127.0.0.1:1234
2026-04-23 04:59:36,978 - AGICore - INFO - ✅ LM Studio connected at http://127.0.0.1:1234
2026-04-23 04:59:37,343 - AGICore - INFO - ✅ LM Studio connected at http://127.0.0.1:1234
2026-04-23 04:59:38,650 - AGICore - INFO - ✅ LM Studio connected at http://127.0.0.1:1234
2026-04-23 04:59:38,917 - AGICore - INFO - ✅ LM Studio connected at http://127.0.0.1:1234
2026-04-23 04:59:39,341 - AGICore - INFO - ✅ LM Studio connected at http://127.0.0.1:1234
2026-04-23 04:59:40,664 - AGICore - INFO - ✅ LM Studio connected at http://127.0.0.1:1234
2026-04-23 04:59:40,913 - AGICore - INFO - ✅ LM Studio connected at http://127.0.0.1:1234
2026-04-23 04:59:41,336 - AGICore - INFO - ✅ LM Studio connected at http://127.0.0.1:1234
2026-04-23 04:59:42,330 - AGICore - INFO - ✅ LM Studio connected at http://127.0.0.1:1234
2026-04-23 04:59:42,598 - AGICore - INFO - ✅ LM Studio connected at http://127.0.0.1:1234
2026-04-23 04:59:42,875 - AGICore - INFO - ✅ LM Studio connected at http://127.0.0.1:1234
2026-04-23 04:59:43,650 - AGICore - INFO - ✅ LM Studio connected at http://127.0.0.1:1234
2026-04-23 04:59:44,339 - AGICore - INFO - ✅ LM Studio connected at http://127.0.0.1:1234
2026-04-23 04:59:45,313 - AGICore - INFO - ✅ LM Studio connected at http://127.0.0.1:1234
2026-04-23 04:59:45,577 - AGICore - INFO - ✅ LM Studio connected at http://127.0.0.1:1234
2026-04-23 04:59:46,343 - AGICore - INFO - ✅ LM Studio connected at http://127.0.0.1:1234
2026-04-23 04:59:47,216 - AGICore - INFO - ✅ LM Studio connected at http://127.0.0.1:1234
2026-04-23 04:59:47,466 - AGICore - INFO - ✅ LM Studio connected at http://127.0.0.1:1234
2026-04-23 04:59:48,343 - AGICore - INFO - ✅ LM Studio connected at http://127.0.0.1:1234
2026-04-23 04:59:49,198 - AGICore - INFO - ✅ LM Studio connected at http://127.0.0.1:1234
2026-04-23 04:59:49,476 - AGICore - INFO - ✅ LM Studio connected at http://127.0.0.1:1234
2026-04-23 04:59:50,334 - AGICore - INFO - ✅ LM Studio connected at http://127.0.0.1:1234
2026-04-23 04:59:51,188 - AGICore - INFO - ✅ LM Studio connected at http://127.0.0.1:1234
2026-04-23 04:59:51,451 - AGICore - INFO - ✅ LM Studio connected at http://127.0.0.1:1234
2026-04-23 04:59:52,352 - AGICore - INFO - ✅ LM Studio connected at http://127.0.0.1:1234
2026-04-23 04:59:53,197 - AGICore - INFO - ✅ LM Studio connected at http://127.0.0.1:1234
2026-04-23 04:59:53,463 - AGICore - INFO - ✅ LM Studio connected at http://127.0.0.1:1234
2026-04-23 04:59:53,651 - AGICore - INFO - ✅ LM Studio connected at http://127.0.0.1:1234
2026-04-23 04:59:54,339 - AGICore - INFO - ✅ LM Studio connected at http://127.0.0.1:1234
2026-04-23 04:59:55,663 - AGICore - INFO - ✅ LM Studio connected at http://127.0.0.1:1234
2026-04-23 04:59:55,929 - AGICore - INFO - ✅ LM Studio connected at http://127.0.0.1:1234
2026-04-23 04:59:56,116 - AGICore - INFO - ✅ LM Studio connected at http://127.0.0.1:1234
2026-04-23 04:59:56,336 - AGICore - INFO - ✅ LM Studio connected at http://127.0.0.1:1234
2026-04-23 04:59:57,195 - AGICore - INFO - ✅ LM Studio connected at http://127.0.0.1:1234
2026-04-23 04:59:57,462 - AGICore - INFO - ✅ LM Studio connected at http://127.0.0.1:1234
2026-04-23 04:59:58,333 - AGICore - INFO - ✅ LM Studio connected at http://127.0.0.1:1234
2026-04-23 04:59:58,722 - AGICore - INFO - ✅ LM Studio connected at http://127.0.0.1:1234
2026-04-23 04:59:58,970 - AGICore - INFO - ✅ LM Studio connected at http://127.0.0.1:1234
2026-04-23 04:59:59,331 - AGICore - INFO - ✅ LM Studio connected at http://127.0.0.1:1234
2026-04-23 05:00:00,013 - AGICore - INFO - ✅ LM Studio connected at http://127.0.0.1:1234
2026-04-23 05:00:00,674 - AGICore - INFO - ✅ LM Studio connected at http://127.0.0.1:1234
2026-04-23 05:00:01,975 - AGICore - INFO - ✅ LM Studio connected at http://127.0.0.1:1234
2026-04-23 05:00:02,663 - AGICore - INFO - ✅ LM Studio connected at http://127.0.0.1:1234
2026-04-23 05:00:05,616 - AGICore - INFO - 👋 Shutting down...
2026-04-24 00:23:17,241 - AGICore - INFO - 🚀 Initializing AGI Core...
2026-04-24 00:23:17,262 - AGICore - INFO - ✅ Configuration loaded from /workspace/config/config.yaml
2026-04-24 00:23:17,524 - AGICore - WARNING - ⚠️ LM Studio not detected at http://127.0.0.1:1234. Please start LM Studio Server.
2026-04-24 00:23:17,525 - AGICore - INFO - 🌐 Visual Router available at http://localhost:8080
2026-04-24 00:23:17,527 - AGICore - INFO - ✅ System Ready. Interface opened in browser.
2026-04-24 00:23:17,527 - AGICore - INFO - Press Ctrl+C to stop.
2026-04-24 00:23:17,527 - AGICore - INFO - 🔄 Entering background task loop...
2026-04-24 00:23:23,300 - AGICore - WARNING - ⚠️ LM Studio not detected at http://127.0.0.1:1234. Please start LM Studio Server.
2026-04-24 00:23:32,422 - AGICore - INFO - 🚀 Initializing AGI Core...
2026-04-24 00:23:32,455 - AGICore - INFO - ✅ Configuration loaded from /workspace/config/config.yaml
2026-04-24 00:23:32,475 - AGICore - INFO - 🤖 Orchestrator initialized
2026-04-24 00:24:44,062 - AGICore - INFO - 🚀 Initializing AGI Core...
2026-04-24 00:24:44,085 - AGICore - INFO - ✅ Configuration loaded from /workspace/config/config.yaml
2026-04-24 00:24:44,361 - AGICore - WARNING - ⚠️ LM Studio not detected at http://127.0.0.1:1234. Please start LM Studio Server.
2026-04-24 00:24:44,362 - AGICore - INFO - 🌐 Visual Router available at http://localhost:8080
2026-04-24 00:24:44,363 - AGICore - INFO - ✅ System Ready. Interface opened in browser.
2026-04-24 00:24:44,363 - AGICore - INFO - Press Ctrl+C to stop.
2026-04-24 00:24:44,363 - AGICore - INFO - 🔄 Entering background task loop...
